{
  "currentVideoKey": []
}
{
  "videos": [
    {
      "key": "200146854",
      "title": "S01:E01 - Pilot",
      "description": "Reno Raines , an undercover cop of the Las Vegas police force, finds himself the target of a deadly frame-up and on the run and out to clear his name.",
      "video": "https://nc-fa.tubi.video/9588aca3-8cb0-4ce5-b1f0-79dede9e0122/vi3m2mcg2z.m3u8?token=eyJhbGciOiJIUzI1NiIsInR5cCI6IkpXVCJ9.eyJjZG5fcHJlZml4IjoiaHR0cHM6Ly9uYy1mYS50dWJpLnZpZGVvIiwiZXhwIjoxNzY1MTQxMjAwLCJtZWRpYV9zaWciOjEwMDcyMjMwfQ.A7lvCppdrajz8nEMr3VfgKi68u0bd5Mljp9fobalPGc",
      "subtitles": "http://s.adrise.tv/b99273fb-4f7c-4e3b-9aaa-590a0db77771.srt"
    },
    {
      "key": "200146855",
      "title": "S01:E02 - Hunting Accident",
      "description": "Reno comes to the rescue of a car in trouble.",
      "video": "https://nc-fa.tubi.video/61c1fd7b-12ba-4d07-a1cc-a05dc4adb07d/5jd50wt35r.m3u8?token=eyJhbGciOiJIUzI1NiIsInR5cCI6IkpXVCJ9.eyJjZG5fcHJlZml4IjoiaHR0cHM6Ly9uYy1mYS50dWJpLnZpZGVvIiwiZXhwIjoxNzY1MTQxMjAwLCJtZWRpYV9zaWciOjYxNDQwMTg0fQ.UVGMkKVAhpFsthTk5gCZcUnLB2lnFuP_OientktO_wg",
      "subtitles": "http://s.adrise.tv/3ecfd37b-19ed-4a16-b34d-54bbce790387.srt"
    },
    {
      "key": "200146856",
      "title": "S01:E04 - La Mala Sombra",
      "description": "News reports of Lt. Enrique Vilas' escape from El Salvador are accompanied by offers of a $100,000 reward for his capture.",
      "video": "https://nc-fa.tubi.video/17d5293e-165e-4fa1-a828-432340bd5cdd/1mb06j7ksi.m3u8?token=eyJhbGciOiJIUzI1NiIsInR5cCI6IkpXVCJ9.eyJjZG5fcHJlZml4IjoiaHR0cHM6Ly9uYy1mYS50dWJpLnZpZGVvIiwiZXhwIjoxNzY1MTQxMjAwLCJtZWRpYV9zaWciOjEzMzYwNTE4NH0.4idLSzvpS_xUWfWZFWlXn22QvKJ4BsZFdrBzjcgBO5A",
      "subtitles": "http://s.adrise.tv/96256812-2735-49e5-b358-6b9c9e64e9cf.srt"
    },
    {
      "key": "200146857",
      "title": "S01:E05 - Mother Courage",
      "description": "After a dispute over a repair bill, a young motorcycle mechanic is murdered in cold blood by a maniacal cutthroat.",
      "video": "https://nc-fa.tubi.video/fb1fee81-06e4-461a-84df-b952c5a672b8/aq264p8ad2.m3u8?token=eyJhbGciOiJIUzI1NiIsInR5cCI6IkpXVCJ9.eyJjZG5fcHJlZml4IjoiaHR0cHM6Ly9uYy1mYS50dWJpLnZpZGVvIiwiZXhwIjoxNzY1MTQxMjAwLCJtZWRpYV9zaWciOjEyMDQwOTA0OH0.O92PFJPSdt_nhKpov22D7BYY6jtU5Tb-spYkzMul--c",
      "subtitles": "http://s.adrise.tv/700e8ac9-249d-4de2-95e2-201af896af37.srt"
    },
    {
      "key": "200146858",
      "title": "S01:E06 - Second Chance",
      "description": "Reno's vacation in Las Vegas is derailed when Bobby enlists him to track down a bail jumper.",
      "video": "https://nc-fa.tubi.video/fa78dbf6-3b41-4b38-acd4-9c4aad19ea6f/6enwqjt4mx.m3u8?token=eyJhbGciOiJIUzI1NiIsInR5cCI6IkpXVCJ9.eyJjZG5fcHJlZml4IjoiaHR0cHM6Ly9uYy1mYS50dWJpLnZpZGVvIiwiZXhwIjoxNzY1MTQxMjAwLCJtZWRpYV9zaWciOjI5NjY1MzUxfQ.b2bQhaCOELdXcn44UO5I1U0zzqnXslp59lC4ZghGCfk",
      "subtitles": "http://s.adrise.tv/6557b3c6-a9ab-40fe-b93b-604e559ae5a8.srt"
    },
    {
      "key": "200146859",
      "title": "S01:E07 - Eye of the Storm",
      "description": "For Reno Raines, taking refuge in a small-town saloon becomes hazerdous.",
      "video": "https://nc-fa.tubi.video/82890719-e760-40d0-a1f5-1718be83bce2/uu2tamls4s.m3u8?token=eyJhbGciOiJIUzI1NiIsInR5cCI6IkpXVCJ9.eyJjZG5fcHJlZml4IjoiaHR0cHM6Ly9uYy1mYS50dWJpLnZpZGVvIiwiZXhwIjoxNzY1MTQxMjAwLCJtZWRpYV9zaWciOjEwODU2OTk4fQ.SCl4LHgkyUSXZya-Xmt52Q0917W1S5shc-nZqY4n2Rk",
      "subtitles": "http://s.adrise.tv/ef8578ad-620f-4dc3-9dc7-c6c12305ee30.srt"
    },
    {
      "key": "200146860",
      "title": "S01:E08 - Payback",
      "description": "When Reno witnesses the cold-blooded murder of one of his trusted street pals, Reno himself becomes the victim of a brutal beating at the hands of the killers.",
      "video": "https://nc-fa.tubi.video/44108cec-4d52-4915-9471-4a015b018de4/c3sla6rqfq.m3u8?token=eyJhbGciOiJIUzI1NiIsInR5cCI6IkpXVCJ9.eyJjZG5fcHJlZml4IjoiaHR0cHM6Ly9uYy1mYS50dWJpLnZpZGVvIiwiZXhwIjoxNzY1MTQxMjAwLCJtZWRpYV9zaWciOjgyOTcyMDkwfQ.zGlORge6jA4Wx4_IfUUUzyS7qA5LXws8y8a_KnDrrIM",
      "subtitles": "http://s.adrise.tv/9d55eda4-00b3-43be-b5c3-edb6f95d97d6.srt"
    },
    {
      "key": "200146861",
      "title": "S01:E09 - The Talisman",
      "description": "In the moment before Reno apprehends a murderer,a helmeted motorcycle rider breaks up the party with a pistol.",
      "video": "https://nc-fa.tubi.video/32197db3-489e-4b21-8ccb-35544c723873/yeuganeztf.m3u8?token=eyJhbGciOiJIUzI1NiIsInR5cCI6IkpXVCJ9.eyJjZG5fcHJlZml4IjoiaHR0cHM6Ly9uYy1mYS50dWJpLnZpZGVvIiwiZXhwIjoxNzY1MTQxMjAwLCJtZWRpYV9zaWciOjM1MzY1NTQyfQ.OXVtCSTDCr-AoVLjR1cEGrkRZYzXyeWoemzTZXq-Uz8",
      "subtitles": "http://s.adrise.tv/2800281d-d408-4b63-8b6a-650b31644080.srt"
    },
    {
      "key": "200146862",
      "title": "S01:E10 - Partners",
      "description": "The pipe-bomb murder of Reno's ex-partner Jack Varnell sends Reno and Bobby south of the border in search of the cop-killer.",
      "video": "https://nc-fa.tubi.video/f069ede5-b1d8-4542-afcd-23128d168177/6pbiz81v8j.m3u8?token=eyJhbGciOiJIUzI1NiIsInR5cCI6IkpXVCJ9.eyJjZG5fcHJlZml4IjoiaHR0cHM6Ly9uYy1mYS50dWJpLnZpZGVvIiwiZXhwIjoxNzY1MTQxMjAwLCJtZWRpYV9zaWciOjQyNzgxNjA3fQ.NwpXLKTpCD6qtfqVCSNHZ6Kn6qDnsEHwmkSlQ9793w0",
      "subtitles": "http://s.adrise.tv/094ac6fc-81e3-4bc8-929a-d18d5c47cc13.srt"
    },
    {
      "key": "200146863",
      "title": "S01:E11 - Lyon's Roar",
      "description": "Reno's latest job gets personal - the bounty is on the head of Earl Lyons, an ex-Army Ranger from Reno's unit.",
      "video": "https://nc-fa.tubi.video/5797b8be-6234-4ae7-abdf-bab723827a78/v6zbx7o8bw.m3u8?token=eyJhbGciOiJIUzI1NiIsInR5cCI6IkpXVCJ9.eyJjZG5fcHJlZml4IjoiaHR0cHM6Ly9uYy1mYS50dWJpLnZpZGVvIiwiZXhwIjoxNzY1MTQxMjAwLCJtZWRpYV9zaWciOjEyODUzNDg2fQ.Oih8lYmsDuuHkCwTQrwHz5vsVXTBi9jzAYSzOf6-OaU",
      "subtitles": "http://s.adrise.tv/e0ba5586-b743-4158-b0b6-54b1c9ca54df.srt"
    },
    {
      "key": "200146864",
      "title": "S01:E12 - Val's Song",
      "description": "Reno falls into a deadly trap when false news reports claim that Valerie Prentice, his comatose fiancee, has awakened.",
      "video": "https://nc-fa.tubi.video/6caaa2d3-4429-489a-9129-6f97d19b7ec0/s2b0z8yvbt.m3u8?token=eyJhbGciOiJIUzI1NiIsInR5cCI6IkpXVCJ9.eyJjZG5fcHJlZml4IjoiaHR0cHM6Ly9uYy1mYS50dWJpLnZpZGVvIiwiZXhwIjoxNzY1MTQxMjAwLCJtZWRpYV9zaWciOjEzNTUwMTUwfQ.GTSYFlFfLE6ikU4zzh3we-44482GlIcfKOKPzwQQgGo",
      "subtitles": "http://s.adrise.tv/3d241a11-6bd4-4380-9d33-6718daad3d5f.srt"
    },
    {
      "key": "200146865",
      "title": "S01:E13 - Give and Take",
      "description": "Reno assists a stranded motorist change her flat tire who later turns up dead.",
      "video": "https://nc-fa.tubi.video/1ac9c8f9-ab39-483a-8852-7e4ef5020d82/fgq0g6fttn.m3u8?token=eyJhbGciOiJIUzI1NiIsInR5cCI6IkpXVCJ9.eyJjZG5fcHJlZml4IjoiaHR0cHM6Ly9uYy1mYS50dWJpLnZpZGVvIiwiZXhwIjoxNzY1MTQxMjAwLCJtZWRpYV9zaWciOjYyNDczNzY0fQ.YFTTtk-heQNR6IeWtpQ0QIJMUfjsPiJSV_bR76YC7E4",
      "subtitles": "http://s.adrise.tv/3fbb88dc-25d1-4fb0-93ae-bbf1dfcc0f02.srt"
    },
    {
      "key": "200146866",
      "title": "S01:E14 - Samurai",
      "description": "Reno's latest bounty kidnaps a wealthy Japanese businessman's daughter.",
      "video": "https://nc-fa.tubi.video/f7e8a1e7-4f6f-4916-a9bd-8e69a6ce4ef2/pax2oujlzi.m3u8?token=eyJhbGciOiJIUzI1NiIsInR5cCI6IkpXVCJ9.eyJjZG5fcHJlZml4IjoiaHR0cHM6Ly9uYy1mYS50dWJpLnZpZGVvIiwiZXhwIjoxNzY1MTQxMjAwLCJtZWRpYV9zaWciOjg1ODkzMzc3fQ.e-sDm_JunnRKVlxzQWfYrLGrrqWmRe0qRYdwxGMigcI",
      "subtitles": "http://s.adrise.tv/26753eea-a9c6-4f47-9b74-f949e3eb7f8d.srt"
    },
    {
      "key": "200146867",
      "title": "S01:E15 - The Two Renos",
      "description": "Appearances are deceiving, when Reno discovers a look alike is committing crimes in his name.",
      "video": "https://nc-fa.tubi.video/fff56146-9972-4984-a032-eb4d0e7a6116/bm56r83tqe.m3u8?token=eyJhbGciOiJIUzI1NiIsInR5cCI6IkpXVCJ9.eyJjZG5fcHJlZml4IjoiaHR0cHM6Ly9uYy1mYS50dWJpLnZpZGVvIiwiZXhwIjoxNzY1MTQxMjAwLCJtZWRpYV9zaWciOjIxNDE1NDg3fQ.MlJOQ_maUVCZMyq5FIHQTFXEPMbN_OYLi3Jc64YtcaQ",
      "subtitles": "http://s.adrise.tv/0ce59f4b-c0f3-4c98-86f2-57ad73ab5be3.srt"
    },
    {
      "key": "200146868",
      "title": "S01:E16 - Billy",
      "description": "Reno rolls into town, tracking a gang of vicious cutthroats.",
      "video": "https://nc-fa.tubi.video/1eb0571b-d3c0-44db-bd61-8ea4a6ed2e2b/jm3iwca93s.m3u8?token=eyJhbGciOiJIUzI1NiIsInR5cCI6IkpXVCJ9.eyJjZG5fcHJlZml4IjoiaHR0cHM6Ly9uYy1mYS50dWJpLnZpZGVvIiwiZXhwIjoxNzY1MTQxMjAwLCJtZWRpYV9zaWciOjk5MTQ2NDA2fQ.jDOWTmDlgO-pbBuFOB18BH7QNhOAOKiF_wLoryKHVuM",
      "subtitles": "http://s.adrise.tv/67f6fdb8-3d4c-4060-bff2-7d0540bbf833.srt"
    },
    {
      "key": "200146869",
      "title": "S01:E17 - Headcase",
      "description": "A desperate psychotic escapes from a prison with a plan for revenge against the men who put him behind bars: Reno and Bobby.",
      "video": "https://nc-fa.tubi.video/cf257a87-4cae-4512-a40e-1be0b89bb45c/fkymwe842y.m3u8?token=eyJhbGciOiJIUzI1NiIsInR5cCI6IkpXVCJ9.eyJjZG5fcHJlZml4IjoiaHR0cHM6Ly9uYy1mYS50dWJpLnZpZGVvIiwiZXhwIjoxNzY1MTQxMjAwLCJtZWRpYV9zaWciOjI1MTMxMjh9.kbEK_SxVsFAa3LMeE0SRtxIMBy_Jb-J0WPOR39vxK1A",
      "subtitles": "http://s.adrise.tv/dba1a4ae-5c42-4f18-8d19-49093e79b51b.srt"
    },
    {
      "key": "200146870",
      "title": "S01:E18 - The Hot Tip",
      "description": "The five-year old disappearance of B-movie starlet sends Reno south of the border, following a hot tip from one of Bobby's informants.",
      "video": "https://nc-fa.tubi.video/2372bb5c-a3ae-425f-973d-01137aa8a83d/0odwe86ttr.m3u8?token=eyJhbGciOiJIUzI1NiIsInR5cCI6IkpXVCJ9.eyJjZG5fcHJlZml4IjoiaHR0cHM6Ly9uYy1mYS50dWJpLnZpZGVvIiwiZXhwIjoxNzY1MTQxMjAwLCJtZWRpYV9zaWciOjEwODQzOTA3OX0.FMwGdF-_V9vjMcaU_5oKNN5Ele5tqUFKDalc8YhEPNo",
      "subtitles": "http://s.adrise.tv/a048b61a-3343-42f6-9166-8ea5f602119f.srt"
    },
    {
      "key": "200146871",
      "title": "S01:E19 - Moody River",
      "description": "When crooked Circuit Prosecutor Eli Starke hires some local thugs to thwart the efforts of a group of ex-convicts trying to go straight, Reno comes to their rescue.",
      "video": "https://nc-fa.tubi.video/5c28a2d3-9f9c-418a-99d9-0d75aeebd658/vyqsxpoivc.m3u8?token=eyJhbGciOiJIUzI1NiIsInR5cCI6IkpXVCJ9.eyJjZG5fcHJlZml4IjoiaHR0cHM6Ly9uYy1mYS50dWJpLnZpZGVvIiwiZXhwIjoxNzY1MTQxMjAwLCJtZWRpYV9zaWciOjY5ODk0ODcxfQ.PwB_z--4PXhAY6dKxL8mIocVuqR2MRuYG-jt8OHAenU",
      "subtitles": "http://s.adrise.tv/76fc5d4e-b2fe-4bb0-be47-3c4e0505f196.srt"
    },
    {
      "key": "200146872",
      "title": "S01:E20 - Vanished",
      "description": "Reno's old friend, D.A. Harry Wells, recruits him to help find his daughter Dawn, who is being held hostage by her drug-dealing boyfriend.",
      "video": "https://nc-fa.tubi.video/7fab8298-e9ae-44c4-9f1f-862aa5bd058d/jdybyg5q0j.m3u8?token=eyJhbGciOiJIUzI1NiIsInR5cCI6IkpXVCJ9.eyJjZG5fcHJlZml4IjoiaHR0cHM6Ly9uYy1mYS50dWJpLnZpZGVvIiwiZXhwIjoxNzY1MTQxMjAwLCJtZWRpYV9zaWciOjI4MjUxMjEzfQ.u97Pe5DEHCqjnCs8HaWQodNd1_kI7FA92BYghaCqVlQ",
      "subtitles": "http://s.adrise.tv/d36d1fb9-3ac0-4120-a90a-e017ea2f0e0a.srt"
    },
    {
      "key": "200147772",
      "title": "S01:E03 - Final Judgment",
      "description": "A contract killer is hired to take out a small town judge.",
      "video": "https://nc-fa.tubi.video/3d5435ac-ee98-4bac-a5e7-301d9c62e527/5fw768n9re.m3u8?token=eyJhbGciOiJIUzI1NiIsInR5cCI6IkpXVCJ9.eyJjZG5fcHJlZml4IjoiaHR0cHM6Ly9uYy1mYS50dWJpLnZpZGVvIiwiZXhwIjoxNzY1MTQxMjAwLCJtZWRpYV9zaWciOjIzNTQ0OTgzfQ.g2pskV18AgpWwrbVfLAoMbyNlVI0FgZgvXJr3BwC728",
      "subtitles": "http://s.adrise.tv/86e17289-b1a1-4adf-b51f-732f17b04926.srt"
    },
    {
      "key": "0300013654",
      "title": "Renegade",
      "description": "Reno Raines goes from detective to escaped fugitive to bounty hunter after a crooked fellow cop kills his wife and frames him for the murder.",
      "subtitles": ""
    }
  ]
}
